// Jest Snapshot v1, https://goo.gl/fbAQLP

exports[`DevSettingsScreen should render correctly 1`] = `
<RNCSafeAreaView
  edges={
    Array [
      "right",
      "left",
    ]
  }
  style={
    Object {
      "backgroundColor": undefined,
      "flex": 1,
    }
  }
>
  <Text
    style={
      Object {
        "color": "#242424",
      }
    }
  >
    This is a place where development features can be enabled.
  </Text>
</RNCSafeAreaView>
`;
