// Jest Snapshot v1, https://goo.gl/fbAQLP

exports[`VideoPlayer should render correctly 1`] = `
<View
  pointerEvents="box-none"
  style={
    Object {
      "overflow": "hidden",
    }
  }
>
  <ViewManagerAdapter_ExpoVideoView
    onError={[Function]}
    onFullscreenUpdate={[Function]}
    onLoad={[Function]}
    onLoadStart={[Function]}
    onReadyForDisplay={[Function]}
    onStatusUpdate={[Function]}
    proxiedProperties={
      Object {
        "resizeMode": "mock",
        "source": undefined,
        "status": Object {},
        "useNativeControls": true,
      }
    }
    style={
      Object {
        "bottom": 0,
        "left": 0,
        "position": "absolute",
        "right": 0,
        "top": 0,
      }
    }
  />
  <Image
    source={
      Object {
        "uri": undefined,
      }
    }
    style={
      Array [
        Object {
          "bottom": 0,
          "left": 0,
          "position": "absolute",
          "resizeMode": "contain",
          "right": 0,
          "top": 0,
        },
        undefined,
      ]
    }
  />
</View>
`;
